python : C:\Python314\python.exe: can't open file 
'C:\\Users\\JoÒoLuccasFerreiraMo\\Desktop\\TG_v2\\busca\\backend\\test_full_flow.py': [Errno 2] No such file or 
directory
No linha:1 caractere:1
+ python test_full_flow.py > test_output.txt 2>&1; Get-Content test_out ...
+ ~~~~~~~~~~~~~~~~~~~~~~~~~~~~~~~~~~~~~~~~~~~~~~~
    + CategoryInfo          : NotSpecified: (C:\Python314\py...le or directory:String) [], RemoteException
    + FullyQualifiedErrorId : NativeCommandError
 
